---
source: tests/suite/pass_hir.rs
expression: hir
---
HirProgram {
    ports: [],
    functions: [
        HirFunction {
            name: "main",
            params: [],
            ret_type: Unit,
            body: [
                Return(
                    Literal(
                        Unit,
                    ),
                ),
            ],
        },
    ],
    externals: [],
    handler_bindings: {},
}
