---
source: tests/ir/lir.rs
assertion_line: 17
expression: lir
---
LirProgram {
    functions: [
        LirFunction {
            name: "main",
            params: [],
            ret_type: Unit,
            requires: Row(
                [],
                None,
            ),
            effects: Row(
                [],
                None,
            ),
            body: [
                Let {
                    name: "x",
                    typ: I64,
                    expr: Atom(
                        Int(
                            42,
                        ),
                    ),
                },
            ],
            ret: Unit,
            span: 0..52,
        },
    ],
    externals: [],
}
