---
source: tests/pass_hir.rs
expression: hir
---
HirProgram {
    ports: [],
    functions: [
        HirFunction {
            name: "main",
            params: [],
            ret_type: I64,
            body: [
                Return(
                    Literal(
                        Int(
                            42,
                        ),
                    ),
                ),
            ],
        },
    ],
    externals: [],
    handler_bindings: {},
}
