---
source: tests/pass_hir.rs
expression: hir
---
HirProgram {
    ports: [
        HirPort {
            name: "Console",
            functions: [
                HirPortMethod {
                    name: "println",
                },
            ],
        },
    ],
    functions: [
        HirFunction {
            name: "main",
            params: [],
            ret_type: Unit,
            body: [
                Inject {
                    handlers: [
                        "my_handler",
                    ],
                    body: [
                        Expr(
                            Call {
                                func: "Console.println",
                                args: [
                                    (
                                        "val",
                                        Literal(
                                            String(
                                                "hello",
                                            ),
                                        ),
                                    ),
                                ],
                            },
                        ),
                    ],
                },
            ],
        },
    ],
    externals: [],
    handler_bindings: {
        "my_handler": HirHandlerBinding {
            port_name: "Console",
            functions: [
                HirFunction {
                    name: "__handler_my_handler_println",
                    params: [
                        HirParam {
                            name: "s",
                            label: "s",
                            typ: String,
                        },
                    ],
                    ret_type: Unit,
                    body: [
                        Return(
                            Literal(
                                Unit,
                            ),
                        ),
                    ],
                },
            ],
        },
    },
}
