---
source: tests/ir/mir.rs
expression: mir
---
MirProgram {
    functions: [
        MirFunction {
            name: "main",
            params: [],
            ret_type: Unit,
            body: [
                Let {
                    name: "x",
                    typ: Unit,
                    expr: Literal(
                        Int(
                            42,
                        ),
                    ),
                },
                Expr(
                    Match {
                        target: Variable(
                            "x",
                        ),
                        cases: [
                            MirMatchCase {
                                pattern: Literal(
                                    Int(
                                        0,
                                    ),
                                ),
                                body: [
                                    Return(
                                        Literal(
                                            Unit,
                                        ),
                                    ),
                                ],
                            },
                            MirMatchCase {
                                pattern: Wildcard,
                                body: [
                                    Return(
                                        Literal(
                                            Unit,
                                        ),
                                    ),
                                ],
                            },
                        ],
                    },
                ),
            ],
            span: 5..144,
            source_file: None,
            source_line: None,
            captures: [],
        },
    ],
    externals: [],
    enum_defs: [
        EnumDef {
            name: "List",
            is_public: true,
            is_opaque: false,
            type_params: [
                "T",
            ],
            variants: [
                VariantDef {
                    name: "Nil",
                    fields: [],
                },
                VariantDef {
                    name: "Cons",
                    fields: [
                        (
                            Some(
                                "v",
                            ),
                            Var(
                                "T",
                            ),
                        ),
                        (
                            Some(
                                "rest",
                            ),
                            List(
                                Var(
                                    "T",
                                ),
                            ),
                        ),
                    ],
                },
            ],
        },
        EnumDef {
            name: "Exn",
            is_public: true,
            is_opaque: false,
            type_params: [],
            variants: [
                VariantDef {
                    name: "RuntimeError",
                    fields: [
                        (
                            Some(
                                "val",
                            ),
                            String,
                        ),
                    ],
                },
                VariantDef {
                    name: "InvalidIndex",
                    fields: [
                        (
                            Some(
                                "val",
                            ),
                            I64,
                        ),
                    ],
                },
                VariantDef {
                    name: "FileNotFound",
                    fields: [
                        (
                            Some(
                                "path",
                            ),
                            String,
                        ),
                    ],
                },
                VariantDef {
                    name: "FsError",
                    fields: [
                        (
                            Some(
                                "path",
                            ),
                            String,
                        ),
                    ],
                },
                VariantDef {
                    name: "JsonError",
                    fields: [
                        (
                            Some(
                                "msg",
                            ),
                            String,
                        ),
                        (
                            Some(
                                "pos",
                            ),
                            I64,
                        ),
                    ],
                },
                VariantDef {
                    name: "EmptyList",
                    fields: [
                        (
                            Some(
                                "op",
                            ),
                            String,
                        ),
                    ],
                },
                VariantDef {
                    name: "IndexOutOfBounds",
                    fields: [
                        (
                            Some(
                                "op",
                            ),
                            String,
                        ),
                        (
                            Some(
                                "index",
                            ),
                            I64,
                        ),
                    ],
                },
                VariantDef {
                    name: "RequestError",
                    fields: [
                        (
                            Some(
                                "url",
                            ),
                            String,
                        ),
                    ],
                },
                VariantDef {
                    name: "BindError",
                    fields: [
                        (
                            Some(
                                "addr",
                            ),
                            String,
                        ),
                    ],
                },
                VariantDef {
                    name: "ResponseError",
                    fields: [
                        (
                            Some(
                                "msg",
                            ),
                            String,
                        ),
                    ],
                },
            ],
        },
        EnumDef {
            name: "ByteBuffer",
            is_public: true,
            is_opaque: true,
            type_params: [],
            variants: [
                VariantDef {
                    name: "ByteBuffer",
                    fields: [
                        (
                            Some(
                                "id",
                            ),
                            I64,
                        ),
                    ],
                },
            ],
        },
        EnumDef {
            name: "Tx",
            is_public: true,
            is_opaque: true,
            type_params: [
                "T",
            ],
            variants: [
                VariantDef {
                    name: "Tx",
                    fields: [
                        (
                            Some(
                                "id",
                            ),
                            I64,
                        ),
                    ],
                },
            ],
        },
        EnumDef {
            name: "Rx",
            is_public: true,
            is_opaque: true,
            type_params: [
                "T",
            ],
            variants: [
                VariantDef {
                    name: "Rx",
                    fields: [
                        (
                            Some(
                                "id",
                            ),
                            I64,
                        ),
                    ],
                },
            ],
        },
        EnumDef {
            name: "ChanPair",
            is_public: true,
            is_opaque: false,
            type_params: [
                "T",
            ],
            variants: [
                VariantDef {
                    name: "ChanPair",
                    fields: [
                        (
                            Some(
                                "tx",
                            ),
                            Linear(
                                UserDefined(
                                    "Tx",
                                    [
                                        UserDefined(
                                            "T",
                                            [],
                                        ),
                                    ],
                                ),
                            ),
                        ),
                        (
                            Some(
                                "rx",
                            ),
                            Linear(
                                UserDefined(
                                    "Rx",
                                    [
                                        UserDefined(
                                            "T",
                                            [],
                                        ),
                                    ],
                                ),
                            ),
                        ),
                    ],
                },
            ],
        },
        EnumDef {
            name: "Pair",
            is_public: true,
            is_opaque: false,
            type_params: [
                "A",
                "B",
            ],
            variants: [
                VariantDef {
                    name: "Pair",
                    fields: [
                        (
                            Some(
                                "left",
                            ),
                            UserDefined(
                                "A",
                                [],
                            ),
                        ),
                        (
                            Some(
                                "right",
                            ),
                            UserDefined(
                                "B",
                                [],
                            ),
                        ),
                    ],
                },
            ],
        },
        EnumDef {
            name: "Partition",
            is_public: true,
            is_opaque: false,
            type_params: [
                "T",
            ],
            variants: [
                VariantDef {
                    name: "Partition",
                    fields: [
                        (
                            Some(
                                "matched",
                            ),
                            List(
                                UserDefined(
                                    "T",
                                    [],
                                ),
                            ),
                        ),
                        (
                            Some(
                                "rest",
                            ),
                            List(
                                UserDefined(
                                    "T",
                                    [],
                                ),
                            ),
                        ),
                    ],
                },
            ],
        },
        EnumDef {
            name: "Handle",
            is_public: true,
            is_opaque: false,
            type_params: [],
            variants: [
                VariantDef {
                    name: "Handle",
                    fields: [
                        (
                            Some(
                                "id",
                            ),
                            I64,
                        ),
                    ],
                },
            ],
        },
        EnumDef {
            name: "HashMap",
            is_public: true,
            is_opaque: true,
            type_params: [],
            variants: [
                VariantDef {
                    name: "HashMap",
                    fields: [
                        (
                            Some(
                                "id",
                            ),
                            I64,
                        ),
                    ],
                },
            ],
        },
        EnumDef {
            name: "Lookup",
            is_public: true,
            is_opaque: false,
            type_params: [],
            variants: [
                VariantDef {
                    name: "Found",
                    fields: [
                        (
                            Some(
                                "value",
                            ),
                            I64,
                        ),
                    ],
                },
                VariantDef {
                    name: "Missing",
                    fields: [],
                },
            ],
        },
        EnumDef {
            name: "JsonField",
            is_public: true,
            is_opaque: false,
            type_params: [],
            variants: [
                VariantDef {
                    name: "JsonField",
                    fields: [
                        (
                            Some(
                                "key",
                            ),
                            String,
                        ),
                        (
                            Some(
                                "value",
                            ),
                            UserDefined(
                                "JsonValue",
                                [],
                            ),
                        ),
                    ],
                },
            ],
        },
        EnumDef {
            name: "JsonValue",
            is_public: true,
            is_opaque: false,
            type_params: [],
            variants: [
                VariantDef {
                    name: "JsonNull",
                    fields: [],
                },
                VariantDef {
                    name: "JsonBool",
                    fields: [
                        (
                            Some(
                                "val",
                            ),
                            Bool,
                        ),
                    ],
                },
                VariantDef {
                    name: "JsonInt",
                    fields: [
                        (
                            Some(
                                "val",
                            ),
                            I64,
                        ),
                    ],
                },
                VariantDef {
                    name: "JsonFloat",
                    fields: [
                        (
                            Some(
                                "val",
                            ),
                            F64,
                        ),
                    ],
                },
                VariantDef {
                    name: "JsonString",
                    fields: [
                        (
                            Some(
                                "val",
                            ),
                            String,
                        ),
                    ],
                },
                VariantDef {
                    name: "JsonArray",
                    fields: [
                        (
                            Some(
                                "items",
                            ),
                            List(
                                UserDefined(
                                    "JsonValue",
                                    [],
                                ),
                            ),
                        ),
                    ],
                },
                VariantDef {
                    name: "JsonObject",
                    fields: [
                        (
                            Some(
                                "fields",
                            ),
                            List(
                                UserDefined(
                                    "JsonField",
                                    [],
                                ),
                            ),
                        ),
                    ],
                },
            ],
        },
        EnumDef {
            name: "ParseStep",
            is_public: false,
            is_opaque: false,
            type_params: [],
            variants: [
                VariantDef {
                    name: "ParseStep",
                    fields: [
                        (
                            Some(
                                "value",
                            ),
                            UserDefined(
                                "JsonValue",
                                [],
                            ),
                        ),
                        (
                            Some(
                                "pos",
                            ),
                            I64,
                        ),
                    ],
                },
            ],
        },
        EnumDef {
            name: "StringStep",
            is_public: false,
            is_opaque: false,
            type_params: [],
            variants: [
                VariantDef {
                    name: "StringStep",
                    fields: [
                        (
                            Some(
                                "value",
                            ),
                            String,
                        ),
                        (
                            Some(
                                "pos",
                            ),
                            I64,
                        ),
                    ],
                },
            ],
        },
        EnumDef {
            name: "IntStep",
            is_public: false,
            is_opaque: false,
            type_params: [],
            variants: [
                VariantDef {
                    name: "IntStep",
                    fields: [
                        (
                            Some(
                                "end_pos",
                            ),
                            I64,
                        ),
                    ],
                },
            ],
        },
        EnumDef {
            name: "HexResult",
            is_public: false,
            is_opaque: false,
            type_params: [],
            variants: [
                VariantDef {
                    name: "HexOk",
                    fields: [
                        (
                            Some(
                                "code",
                            ),
                            I64,
                        ),
                        (
                            Some(
                                "end_pos",
                            ),
                            I64,
                        ),
                    ],
                },
                VariantDef {
                    name: "HexBad",
                    fields: [
                        (
                            Some(
                                "pos",
                            ),
                            I64,
                        ),
                    ],
                },
            ],
        },
        EnumDef {
            name: "NumberShape",
            is_public: false,
            is_opaque: false,
            type_params: [],
            variants: [
                VariantDef {
                    name: "NumberShape",
                    fields: [
                        (
                            Some(
                                "end_pos",
                            ),
                            I64,
                        ),
                        (
                            Some(
                                "is_float",
                            ),
                            Bool,
                        ),
                    ],
                },
            ],
        },
        EnumDef {
            name: "Task",
            is_public: true,
            is_opaque: true,
            type_params: [
                "T",
            ],
            variants: [
                VariantDef {
                    name: "Task",
                    fields: [
                        (
                            Some(
                                "id",
                            ),
                            I64,
                        ),
                    ],
                },
            ],
        },
        EnumDef {
            name: "Partition",
            is_public: true,
            is_opaque: false,
            type_params: [
                "T",
            ],
            variants: [
                VariantDef {
                    name: "Partition",
                    fields: [
                        (
                            Some(
                                "matched",
                            ),
                            List(
                                UserDefined(
                                    "T",
                                    [],
                                ),
                            ),
                        ),
                        (
                            Some(
                                "rest",
                            ),
                            List(
                                UserDefined(
                                    "T",
                                    [],
                                ),
                            ),
                        ),
                    ],
                },
            ],
        },
        EnumDef {
            name: "Header",
            is_public: true,
            is_opaque: false,
            type_params: [],
            variants: [
                VariantDef {
                    name: "Header",
                    fields: [
                        (
                            Some(
                                "name",
                            ),
                            String,
                        ),
                        (
                            Some(
                                "value",
                            ),
                            String,
                        ),
                    ],
                },
            ],
        },
        EnumDef {
            name: "Response",
            is_public: true,
            is_opaque: false,
            type_params: [],
            variants: [
                VariantDef {
                    name: "Response",
                    fields: [
                        (
                            Some(
                                "status",
                            ),
                            I64,
                        ),
                        (
                            Some(
                                "headers",
                            ),
                            String,
                        ),
                        (
                            Some(
                                "body",
                            ),
                            String,
                        ),
                    ],
                },
            ],
        },
        EnumDef {
            name: "Server",
            is_public: true,
            is_opaque: true,
            type_params: [],
            variants: [
                VariantDef {
                    name: "Server",
                    fields: [
                        (
                            Some(
                                "id",
                            ),
                            I64,
                        ),
                    ],
                },
            ],
        },
        EnumDef {
            name: "Request",
            is_public: true,
            is_opaque: true,
            type_params: [],
            variants: [
                VariantDef {
                    name: "Request",
                    fields: [
                        (
                            Some(
                                "method",
                            ),
                            String,
                        ),
                        (
                            Some(
                                "path",
                            ),
                            String,
                        ),
                        (
                            Some(
                                "headers",
                            ),
                            String,
                        ),
                        (
                            Some(
                                "body",
                            ),
                            String,
                        ),
                        (
                            Some(
                                "req_id",
                            ),
                            I64,
                        ),
                    ],
                },
            ],
        },
        EnumDef {
            name: "Option",
            is_public: true,
            is_opaque: false,
            type_params: [
                "T",
            ],
            variants: [
                VariantDef {
                    name: "Some",
                    fields: [
                        (
                            Some(
                                "val",
                            ),
                            UserDefined(
                                "T",
                                [],
                            ),
                        ),
                    ],
                },
                VariantDef {
                    name: "None",
                    fields: [],
                },
            ],
        },
        EnumDef {
            name: "ExecResult",
            is_public: true,
            is_opaque: false,
            type_params: [],
            variants: [
                VariantDef {
                    name: "ExecResult",
                    fields: [
                        (
                            Some(
                                "exit_code",
                            ),
                            I64,
                        ),
                        (
                            Some(
                                "stdout",
                            ),
                            String,
                        ),
                        (
                            Some(
                                "stderr",
                            ),
                            String,
                        ),
                    ],
                },
            ],
        },
        EnumDef {
            name: "Result",
            is_public: true,
            is_opaque: false,
            type_params: [
                "T",
                "E",
            ],
            variants: [
                VariantDef {
                    name: "Ok",
                    fields: [
                        (
                            Some(
                                "val",
                            ),
                            UserDefined(
                                "T",
                                [],
                            ),
                        ),
                    ],
                },
                VariantDef {
                    name: "Err",
                    fields: [
                        (
                            Some(
                                "err",
                            ),
                            UserDefined(
                                "E",
                                [],
                            ),
                        ),
                    ],
                },
            ],
        },
        EnumDef {
            name: "Set",
            is_public: true,
            is_opaque: true,
            type_params: [],
            variants: [
                VariantDef {
                    name: "Set",
                    fields: [
                        (
                            Some(
                                "id",
                            ),
                            I64,
                        ),
                    ],
                },
            ],
        },
        EnumDef {
            name: "StringMap",
            is_public: true,
            is_opaque: true,
            type_params: [],
            variants: [
                VariantDef {
                    name: "StringMap",
                    fields: [
                        (
                            Some(
                                "id",
                            ),
                            I64,
                        ),
                    ],
                },
            ],
        },
        EnumDef {
            name: "Lookup",
            is_public: true,
            is_opaque: false,
            type_params: [],
            variants: [
                VariantDef {
                    name: "Found",
                    fields: [
                        (
                            Some(
                                "value",
                            ),
                            I64,
                        ),
                    ],
                },
                VariantDef {
                    name: "Missing",
                    fields: [],
                },
            ],
        },
        EnumDef {
            name: "Pair",
            is_public: true,
            is_opaque: false,
            type_params: [
                "A",
                "B",
            ],
            variants: [
                VariantDef {
                    name: "Pair",
                    fields: [
                        (
                            Some(
                                "left",
                            ),
                            UserDefined(
                                "A",
                                [],
                            ),
                        ),
                        (
                            Some(
                                "right",
                            ),
                            UserDefined(
                                "B",
                                [],
                            ),
                        ),
                    ],
                },
            ],
        },
    ],
}
